[    0.000000] Linux version 4.15.0-91-generic (buildd@lgw01-amd64-013) (gcc version 7.4.0 (Ubuntu 7.4.0-1ubuntu1~18.04.1)) #92-Ubuntu SMP Fri Feb 28 11:09:48 UTC 2020 (Ubuntu 4.15.0-91.92-generic 4.15.18)
[    0.000000] Command line: BOOT_IMAGE=/boot/vmlinuz-4.15.0-91-generic root=LABEL=cloudimg-rootfs ro console=tty1 console=ttyS0
[    0.000000] KERNEL supported cpus:
[    0.000000]   Intel GenuineIntel
[    0.000000]   AMD AuthenticAMD
[    0.000000]   Centaur CentaurHauls
[    0.000000] x86/fpu: Supporting XSAVE feature 0x001: 'x87 floating point registers'
[    0.000000] x86/fpu: Supporting XSAVE feature 0x002: 'SSE registers'
[    0.000000] x86/fpu: Supporting XSAVE feature 0x004: 'AVX registers'
[    0.000000] x86/fpu: xstate_offset[2]:  576, xstate_sizes[2]:  256
[    0.000000] x86/fpu: Enabled xstate features 0x7, context size is 832 bytes, using 'standard' format.
[    0.000000] e820: BIOS-provided physical RAM map:
[    0.000000] BIOS-e820: [mem 0x0000000000000000-0x000000000009fbff] usable
[    0.000000] BIOS-e820: [mem 0x000000000009fc00-0x000000000009ffff] reserved
[    0.000000] BIOS-e820: [mem 0x00000000000f0000-0x00000000000fffff] reserved
[    0.000000] BIOS-e820: [mem 0x0000000000100000-0x000000003ffeffff] usable
[    0.000000] BIOS-e820: [mem 0x000000003fff0000-0x000000003fffffff] ACPI data
[    0.000000] BIOS-e820: [mem 0x00000000fec00000-0x00000000fec00fff] reserved
[    0.000000] BIOS-e820: [mem 0x00000000fee00000-0x00000000fee00fff] reserved
[    0.000000] BIOS-e820: [mem 0x00000000fffc0000-0x00000000ffffffff] reserved
[    0.000000] NX (Execute Disable) protection: active
[    0.000000] SMBIOS 2.5 present.
[    0.000000] DMI: innotek GmbH VirtualBox/VirtualBox, BIOS VirtualBox 12/01/2006
[    0.000000] Hypervisor detected: KVM
[    0.000000] e820: last_pfn = 0x3fff0 max_arch_pfn = 0x400000000
[    0.000000] MTRR: Disabled
[    0.000000] x86/PAT: MTRRs disabled, skipping PAT initialization too.
[    0.000000] CPU MTRRs all blank - virtualized system.
[    0.000000] x86/PAT: Configuration [0-7]: WB  WT  UC- UC  WB  WT  UC- UC  
[    0.000000] found SMP MP-table at [mem 0x0009fff0-0x0009ffff]
[    0.000000] Scanning 1 areas for low memory corruption
[    0.000000] RAMDISK: [mem 0x35a6b000-0x36d2cfff]
[    0.000000] ACPI: Early table checksum verification disabled
[    0.000000] ACPI: RSDP 0x00000000000E0000 000024 (v02 VBOX  )
[    0.000000] ACPI: XSDT 0x000000003FFF0030 00003C (v01 VBOX   VBOXXSDT 00000001 ASL  00000061)
[    0.000000] ACPI: FACP 0x000000003FFF00F0 0000F4 (v04 VBOX   VBOXFACP 00000001 ASL  00000061)
[    0.000000] ACPI: DSDT 0x000000003FFF0470 002325 (v02 VBOX   VBOXBIOS 00000002 INTL 20100528)
[    0.000000] ACPI: FACS 0x000000003FFF0200 000040
[    0.000000] ACPI: FACS 0x000000003FFF0200 000040
[    0.000000] ACPI: APIC 0x000000003FFF0240 00005C (v02 VBOX   VBOXAPIC 00000001 ASL  00000061)
[    0.000000] ACPI: SSDT 0x000000003FFF02A0 0001CC (v01 VBOX   VBOXCPUT 00000002 INTL 20100528)
[    0.000000] No NUMA configuration found
[    0.000000] Faking a node at [mem 0x0000000000000000-0x000000003ffeffff]
[    0.000000] NODE_DATA(0) allocated [mem 0x3ffc5000-0x3ffeffff]
[    0.000000] kvm-clock: cpu 0, msr 0:3ff44001, primary cpu clock
[    0.000000] kvm-clock: Using msrs 4b564d01 and 4b564d00
[    0.000000] kvm-clock: using sched offset of 4550509565 cycles
[    0.000000] clocksource: kvm-clock: mask: 0xffffffffffffffff max_cycles: 0x1cd42e4dffb, max_idle_ns: 881590591483 ns
[    0.000000] Zone ranges:
[    0.000000]   DMA      [mem 0x0000000000001000-0x0000000000ffffff]
[    0.000000]   DMA32    [mem 0x0000000001000000-0x000000003ffeffff]
[    0.000000]   Normal   empty
[    0.000000]   Device   empty
[    0.000000] Movable zone start for each node
[    0.000000] Early memory node ranges
[    0.000000]   node   0: [mem 0x0000000000001000-0x000000000009efff]
[    0.000000]   node   0: [mem 0x0000000000100000-0x000000003ffeffff]
[    0.000000] Reserved but unavailable: 98 pages
[    0.000000] Initmem setup node 0 [mem 0x0000000000001000-0x000000003ffeffff]
[    0.000000] ACPI: PM-Timer IO Port: 0x4008
[    0.000000] IOAPIC[0]: apic_id 2, version 32, address 0xfec00000, GSI 0-23
[    0.000000] ACPI: INT_SRC_OVR (bus 0 bus_irq 0 global_irq 2 dfl dfl)
[    0.000000] ACPI: INT_SRC_OVR (bus 0 bus_irq 9 global_irq 9 low level)
[    0.000000] Using ACPI (MADT) for SMP configuration information
[    0.000000] smpboot: Allowing 2 CPUs, 0 hotplug CPUs
[    0.000000] PM: Registered nosave memory: [mem 0x00000000-0x00000fff]
[    0.000000] PM: Registered nosave memory: [mem 0x0009f000-0x0009ffff]
[    0.000000] PM: Registered nosave memory: [mem 0x000a0000-0x000effff]
[    0.000000] PM: Registered nosave memory: [mem 0x000f0000-0x000fffff]
[    0.000000] e820: [mem 0x40000000-0xfebfffff] available for PCI devices
[    0.000000] Booting paravirtualized kernel on KVM
[    0.000000] clocksource: refined-jiffies: mask: 0xffffffff max_cycles: 0xffffffff, max_idle_ns: 7645519600211568 ns
[    0.000000] random: get_random_bytes called from start_kernel+0x99/0x4fd with crng_init=0
[    0.000000] setup_percpu: NR_CPUS:8192 nr_cpumask_bits:2 nr_cpu_ids:2 nr_node_ids:1
[    0.000000] percpu: Embedded 45 pages/cpu s147456 r8192 d28672 u1048576
[    0.000000] PV qspinlock hash table entries: 256 (order: 0, 4096 bytes)
[    0.000000] Built 1 zonelists, mobility grouping on.  Total pages: 257913
[    0.000000] Policy zone: DMA32
[    0.000000] Kernel command line: BOOT_IMAGE=/boot/vmlinuz-4.15.0-91-generic root=LABEL=cloudimg-rootfs ro console=tty1 console=ttyS0
[    0.000000] Memory: 983060K/1048120K available (12300K kernel code, 2481K rwdata, 4264K rodata, 2432K init, 2712K bss, 65060K reserved, 0K cma-reserved)
[    0.000000] SLUB: HWalign=64, Order=0-3, MinObjects=0, CPUs=2, Nodes=1
[    0.000000] Kernel/User page tables isolation: enabled
[    0.000000] ftrace: allocating 39347 entries in 154 pages
[    0.004000] Hierarchical RCU implementation.
[    0.004000] 	RCU restricting CPUs from NR_CPUS=8192 to nr_cpu_ids=2.
[    0.004000] 	Tasks RCU enabled.
[    0.004000] RCU: Adjusting geometry for rcu_fanout_leaf=16, nr_cpu_ids=2
[    0.004000] NR_IRQS: 524544, nr_irqs: 440, preallocated irqs: 16
[    0.004000] Console: colour VGA+ 80x25
[    0.004000] console [tty1] enabled
[    0.004000] console [ttyS0] enabled
[    0.004000] ACPI: Core revision 20170831
[    0.004000] ACPI: 2 ACPI AML tables successfully acquired and loaded
[    0.004000] APIC: Switch to symmetric I/O mode setup
[    0.004000] x2apic enabled
[    0.004000] Switched APIC routing to physical x2apic.
[    0.004000] ..TIMER: vector=0x30 apic1=0 pin1=2 apic2=-1 pin2=-1
[    0.004004] tsc: Detected 2303.998 MHz processor
[    0.004888] Calibrating delay loop (skipped) preset value.. 4607.99 BogoMIPS (lpj=9215992)
[    0.005633] pid_max: default: 32768 minimum: 301
[    0.006556] Security Framework initialized
[    0.008002] Yama: becoming mindful.
[    0.008700] AppArmor: AppArmor initialized
[    0.012053] Dentry cache hash table entries: 131072 (order: 8, 1048576 bytes)
[    0.013398] Inode-cache hash table entries: 65536 (order: 7, 524288 bytes)
[    0.016000] Mount-cache hash table entries: 2048 (order: 2, 16384 bytes)
[    0.016015] Mountpoint-cache hash table entries: 2048 (order: 2, 16384 bytes)
[    0.017842] Last level iTLB entries: 4KB 64, 2MB 8, 4MB 8
[    0.020005] Last level dTLB entries: 4KB 64, 2MB 0, 4MB 0, 1GB 4
[    0.021185] Spectre V1 : Mitigation: usercopy/swapgs barriers and __user pointer sanitization
[    0.022660] Spectre V2 : Mitigation: Full generic retpoline
[    0.024002] Spectre V2 : Spectre v2 / SpectreRSB mitigation: Filling RSB on context switch
[    0.025564] Speculative Store Bypass: Vulnerable
[    0.026401] MDS: Mitigation: Clear CPU buffers
[    0.027397] Freeing SMP alternatives memory: 36K
[    0.138033] smpboot: CPU0: Intel(R) Core(TM) i5-7360U CPU @ 2.30GHz (family: 0x6, model: 0x8e, stepping: 0x9)
[    0.139840] Performance Events: unsupported p6 CPU model 142 no PMU driver, software events only.
[    0.140030] Hierarchical SRCU implementation.
[    0.141541] NMI watchdog: Perf event create on CPU 0 failed with -2
[    0.142871] NMI watchdog: Perf NMI watchdog permanently disabled
[    0.144044] smp: Bringing up secondary CPUs ...
[    0.145898] x86: Booting SMP configuration:
[    0.146956] .... node  #0, CPUs:      #1
[    0.004000] kvm-clock: cpu 1, msr 0:3ff44041, secondary cpu clock
[    0.152087] smp: Brought up 1 node, 2 CPUs
[    0.152942] smpboot: Max logical packages: 1
[    0.153743] smpboot: Total of 2 processors activated (9215.99 BogoMIPS)
[    0.156070] devtmpfs: initialized
[    0.156636] x86/mm: Memory block size: 128MB
[    0.157683] evm: security.selinux
[    0.158292] evm: security.SMACK64
[    0.158874] evm: security.SMACK64EXEC
[    0.159679] evm: security.SMACK64TRANSMUTE
[    0.160004] evm: security.SMACK64MMAP
[    0.160871] evm: security.apparmor
[    0.164007] evm: security.ima
[    0.165264] evm: security.capability
[    0.165942] clocksource: jiffies: mask: 0xffffffff max_cycles: 0xffffffff, max_idle_ns: 7645041785100000 ns
[    0.165942] futex hash table entries: 512 (order: 3, 32768 bytes)
[    0.169248] pinctrl core: initialized pinctrl subsystem
[    0.172211] RTC time:  7:45:43, date: 04/07/20
[    0.173660] NET: Registered protocol family 16
[    0.174987] audit: initializing netlink subsys (disabled)
[    0.176050] audit: type=2000 audit(1586245550.134:1): state=initialized audit_enabled=0 res=1
[    0.180078] cpuidle: using governor ladder
[    0.181637] cpuidle: using governor menu
[    0.184075] ACPI: bus type PCI registered
[    0.185261] acpiphp: ACPI Hot Plug PCI Controller Driver version: 0.5
[    0.188117] PCI: Using configuration type 1 for base access
[    0.192102] HugeTLB registered 2.00 MiB page size, pre-allocated 0 pages
[    0.194701] ACPI: Added _OSI(Module Device)
[    0.196010] ACPI: Added _OSI(Processor Device)
[    0.197435] ACPI: Added _OSI(3.0 _SCP Extensions)
[    0.200033] ACPI: Added _OSI(Processor Aggregator Device)
[    0.202004] ACPI: Added _OSI(Linux-Dell-Video)
[    0.203441] ACPI: Added _OSI(Linux-Lenovo-NV-HDMI-Audio)
[    0.204029] ACPI: Added _OSI(Linux-HPI-Hybrid-Graphics)
[    0.206135] ACPI: Executed 1 blocks of module-level executable AML code
[    0.217241] ACPI: Interpreter enabled
[    0.218478] ACPI: (supports S0 S5)
[    0.219630] ACPI: Using IOAPIC for interrupt routing
[    0.220507] PCI: Using host bridge windows from ACPI; if necessary, use "pci=nocrs" and report a bug
[    0.224283] ACPI: Enabled 2 GPEs in block 00 to 07
[    0.239611] ACPI: PCI Root Bridge [PCI0] (domain 0000 [bus 00-ff])
[    0.240013] acpi PNP0A03:00: _OSC: OS supports [ASPM ClockPM Segments MSI]
[    0.242029] acpi PNP0A03:00: _OSC: not requesting OS control; OS requires [ExtendedConfig ASPM ClockPM MSI]
[    0.244029] acpi PNP0A03:00: fail to add MMCONFIG information, can't access extended PCI configuration space under this bridge.
[    0.248464] PCI host bridge to bus 0000:00
[    0.249286] pci_bus 0000:00: root bus resource [io  0x0000-0x0cf7 window]
[    0.250546] pci_bus 0000:00: root bus resource [io  0x0d00-0xffff window]
[    0.252007] pci_bus 0000:00: root bus resource [mem 0x000a0000-0x000bffff window]
[    0.256008] pci_bus 0000:00: root bus resource [mem 0x40000000-0xfdffffff window]
[    0.257463] pci_bus 0000:00: root bus resource [bus 00-ff]
[    0.261284] pci 0000:00:01.1: legacy IDE quirk: reg 0x10: [io  0x01f0-0x01f7]
[    0.263068] pci 0000:00:01.1: legacy IDE quirk: reg 0x14: [io  0x03f6]
[    0.264007] pci 0000:00:01.1: legacy IDE quirk: reg 0x18: [io  0x0170-0x0177]
[    0.265746] pci 0000:00:01.1: legacy IDE quirk: reg 0x1c: [io  0x0376]
[    0.283000] pci 0000:00:07.0: quirk: [io  0x4000-0x403f] claimed by PIIX4 ACPI
[    0.284019] pci 0000:00:07.0: quirk: [io  0x4100-0x410f] claimed by PIIX4 SMB
[    0.293807] ACPI: PCI Interrupt Link [LNKA] (IRQs 5 9 10 *11)
[    0.295462] ACPI: PCI Interrupt Link [LNKB] (IRQs 5 9 *10 11)
[    0.296148] ACPI: PCI Interrupt Link [LNKC] (IRQs 5 *9 10 11)
[    0.297697] ACPI: PCI Interrupt Link [LNKD] (IRQs 5 9 10 *11)
[    0.300197] SCSI subsystem initialized
[    0.301302] pci 0000:00:02.0: vgaarb: setting as boot VGA device
[    0.301302] pci 0000:00:02.0: vgaarb: VGA device added: decodes=io+mem,owns=io+mem,locks=none
[    0.302748] pci 0000:00:02.0: vgaarb: bridge control possible
[    0.304010] vgaarb: loaded
[    0.304600] ACPI: bus type USB registered
[    0.305335] usbcore: registered new interface driver usbfs
[    0.308008] usbcore: registered new interface driver hub
[    0.309077] usbcore: registered new device driver usb
[    0.310070] EDAC MC: Ver: 3.0.0
[    0.310070] PCI: Using ACPI for IRQ routing
[    0.312495] NetLabel: Initializing
[    0.313457] NetLabel:  domain hash size = 128
[    0.314298] NetLabel:  protocols = UNLABELED CIPSOv4 CALIPSO
[    0.315522] NetLabel:  unlabeled traffic allowed by default
[    0.316116] clocksource: Switched to clocksource kvm-clock
[    0.328305] VFS: Disk quotas dquot_6.6.0
[    0.329507] VFS: Dquot-cache hash table entries: 512 (order 0, 4096 bytes)
[    0.331221] AppArmor: AppArmor Filesystem Enabled
[    0.332204] pnp: PnP ACPI init
[    0.334000] pnp: PnP ACPI: found 3 devices
[    0.343385] clocksource: acpi_pm: mask: 0xffffff max_cycles: 0xffffff, max_idle_ns: 2085701024 ns
[    0.345484] NET: Registered protocol family 2
[    0.346486] TCP established hash table entries: 8192 (order: 4, 65536 bytes)
[    0.347959] TCP bind hash table entries: 8192 (order: 5, 131072 bytes)
[    0.350449] TCP: Hash tables configured (established 8192 bind 8192)
[    0.351792] UDP hash table entries: 512 (order: 2, 16384 bytes)
[    0.353052] UDP-Lite hash table entries: 512 (order: 2, 16384 bytes)
[    0.354208] NET: Registered protocol family 1
[    0.355122] pci 0000:00:00.0: Limiting direct PCI/PCI transfers
[    0.358090] pci 0000:00:01.0: Activating ISA DMA hang workarounds
[    0.359591] pci 0000:00:02.0: Video device with shadowed ROM at [mem 0x000c0000-0x000dffff]
[    0.361877] Unpacking initramfs...
[    0.655182] Freeing initrd memory: 19208K
[    0.656386] clocksource: tsc: mask: 0xffffffffffffffff max_cycles: 0x2135f5e6f15, max_idle_ns: 440795231538 ns
[    0.658327] platform rtc_cmos: registered platform RTC device (no PNP device found)
[    0.659701] Scanning for low memory corruption every 60 seconds
[    0.662878] Initialise system trusted keyrings
[    0.664669] Key type blacklist registered
[    0.665850] workingset: timestamp_bits=36 max_order=18 bucket_order=0
[    0.667899] zbud: loaded
[    0.669059] squashfs: version 4.0 (2009/01/31) Phillip Lougher
[    0.670509] fuse init (API version 7.26)
[    0.674580] Key type asymmetric registered
[    0.675318] Asymmetric key parser 'x509' registered
[    0.676209] Block layer SCSI generic (bsg) driver version 0.4 loaded (major 246)
[    0.677978] io scheduler noop registered
[    0.679270] io scheduler deadline registered
[    0.680078] io scheduler cfq registered (default)
[    0.681805] ACPI: AC Adapter [AC] (off-line)
[    0.682839] input: Power Button as /devices/LNXSYSTM:00/LNXPWRBN:00/input/input0
[    0.684592] ACPI: Power Button [PWRF]
[    0.685604] input: Sleep Button as /devices/LNXSYSTM:00/LNXSLPBN:00/input/input1
[    0.687524] ACPI: Sleep Button [SLPF]
[    0.689958] ACPI: Battery Slot [BAT0] (battery present)
[    0.691296] Serial: 8250/16550 driver, 32 ports, IRQ sharing enabled
[    0.714030] 00:02: ttyS0 at I/O 0x3f8 (irq = 4, base_baud = 115200) is a 16550A
[    0.720039] Linux agpgart interface v0.103
[    0.722602] loop: module loaded
[    0.724097] scsi host0: ata_piix
[    0.725144] scsi host1: ata_piix
[    0.725774] ata1: PATA max UDMA/33 cmd 0x1f0 ctl 0x3f6 bmdma 0xd000 irq 14
[    0.727308] ata2: PATA max UDMA/33 cmd 0x170 ctl 0x376 bmdma 0xd008 irq 15
[    0.729381] libphy: Fixed MDIO Bus: probed
[    0.730443] tun: Universal TUN/TAP device driver, 1.6
[    0.731534] PPP generic driver version 2.4.2
[    0.732908] ehci_hcd: USB 2.0 'Enhanced' Host Controller (EHCI) Driver
[    0.734801] ehci-pci: EHCI PCI platform driver
[    0.735707] ehci-platform: EHCI generic platform driver
[    0.736936] ohci_hcd: USB 1.1 'Open' Host Controller (OHCI) Driver
[    0.738003] ohci-pci: OHCI PCI platform driver
[    0.739141] ohci-platform: OHCI generic platform driver
[    0.740537] uhci_hcd: USB Universal Host Controller Interface driver
[    0.741948] i8042: PNP: PS/2 Controller [PNP0303:PS2K,PNP0f03:PS2M] at 0x60,0x64 irq 1,12
[    0.743978] serio: i8042 KBD port at 0x60,0x64 irq 1
[    0.745899] serio: i8042 AUX port at 0x60,0x64 irq 12
[    0.747367] mousedev: PS/2 mouse device common for all mice
[    0.749855] input: AT Translated Set 2 keyboard as /devices/platform/i8042/serio0/input/input2
[    0.751958] rtc_cmos rtc_cmos: rtc core: registered rtc_cmos as rtc0
[    0.753480] rtc_cmos rtc_cmos: alarms up to one day, 114 bytes nvram
[    0.754537] i2c /dev entries driver
[    0.755500] device-mapper: uevent: version 1.0.3
[    0.756727] device-mapper: ioctl: 4.37.0-ioctl (2017-09-20) initialised: dm-devel@redhat.com
[    0.758641] ledtrig-cpu: registered to indicate activity on CPUs
[    0.760247] NET: Registered protocol family 10
[    0.766399] Segment Routing with IPv6
[    0.767113] NET: Registered protocol family 17
[    0.767991] Key type dns_resolver registered
[    0.769354] mce: Using 0 MCE banks
[    0.770367] RAS: Correctable Errors collector initialized.
[    0.771775] sched_clock: Marking stable (769331899, 0)->(954563832, -185231933)
[    0.774368] registered taskstats version 1
[    0.775116] Loading compiled-in X.509 certificates
[    0.778545] Loaded X.509 cert 'Build time autogenerated kernel key: d019e8c5f4cbc828f6af43369f65a014a3a68371'
[    0.781177] zswap: loaded using pool lzo/zbud
[    0.786325] Key type big_key registered
[    0.787515] Key type trusted registered
[    0.791255] Key type encrypted registered
[    0.792136] AppArmor: AppArmor sha1 policy hashing enabled
[    0.793165] ima: No TPM chip found, activating TPM-bypass! (rc=-19)
[    0.794369] ima: Allocated hash algorithm: sha1
[    0.796048] evm: HMAC attrs: 0x1
[    0.797578]   Magic number: 0:489:773
[    0.798525] rtc_cmos rtc_cmos: setting system clock to 2020-04-07 07:45:44 UTC (1586245544)
[    0.800132] BIOS EDD facility v0.16 2004-Jun-25, 0 devices found
[    0.801538] EDD information not available.
[    0.916535] Freeing unused kernel image memory: 2432K
[    1.256041] Write protecting the kernel read-only data: 20480k
[    1.258425] Freeing unused kernel image memory: 2008K
[    1.259838] Freeing unused kernel image memory: 1880K
[    1.268831] x86/mm: Checked W+X mappings: passed, no W+X pages found.
[    1.270246] x86/mm: Checking user space page tables
[    1.276854] x86/mm: Checked W+X mappings: passed, no W+X pages found.
Loading, please wait...
starting version 237
[    1.371404] e1000: Intel(R) PRO/1000 Network Driver - version 7.3.21-k8-NAPI
[    1.375164] e1000: Copyright (c) 1999-2006 Intel Corporation.
[    1.383340] Fusion MPT base driver 3.04.20
[    1.385057] Copyright (c) 1999-2008 LSI Corporation
[    1.389071] Fusion MPT SPI Host driver 3.04.20
[    1.391052] mptbase: ioc0: Initiating bringup
[    1.398754] AVX2 version of gcm_enc/dec engaged.
[    1.399770] AES CTR mode by8 optimization enabled
[    1.492804] ioc0: LSI53C1030 A0: Capabilities={Initiator}
[    1.590333] input: ImExPS/2 Generic Explorer Mouse as /devices/platform/i8042/serio1/input/input4
[    1.740043] scsi host2: ioc0: LSI53C1030 A0, FwRev=00000000h, Ports=1, MaxQ=256, IRQ=20
[    1.909889] scsi 2:0:0:0: Direct-Access     VBOX     HARDDISK         1.0  PQ: 0 ANSI: 5
[    2.608661] scsi target2:0:0: Beginning Domain Validation
[    2.670081] scsi target2:0:0: Domain Validation skipping write tests
[    2.671307] scsi target2:0:0: Ending Domain Validation
[    2.672528] scsi target2:0:0: asynchronous
[    2.676904] scsi 2:0:1:0: Direct-Access     VBOX     HARDDISK         1.0  PQ: 0 ANSI: 5
[    2.920670] scsi target2:0:1: Beginning Domain Validation
[    2.924534] random: fast init done
[    2.925434] scsi target2:0:1: Domain Validation skipping write tests
[    2.926529] scsi target2:0:1: Ending Domain Validation
[    2.927771] scsi target2:0:1: asynchronous
[    2.932833] random: systemd-udevd: uninitialized urandom read (16 bytes read)
[    2.934077] random: systemd-udevd: uninitialized urandom read (16 bytes read)
[    2.935411] random: systemd-udevd: uninitialized urandom read (16 bytes read)
[    2.936881] sd 2:0:0:0: Attached scsi generic sg0 type 0
[    2.938282] sd 2:0:0:0: [sda] 20971520 512-byte logical blocks: (10.7 GB/10.0 GiB)
[    2.939914] sd 2:0:1:0: Attached scsi generic sg1 type 0
[    2.941043] sd 2:0:0:0: [sda] Write Protect is off
[    2.942188] sd 2:0:1:0: [sdb] 20480 512-byte logical blocks: (10.5 MB/10.0 MiB)
[    2.943617] sd 2:0:0:0: [sda] Incomplete mode parameter data
[    2.945926] sd 2:0:0:0: [sda] Assuming drive cache: write through
[    2.948021] sd 2:0:1:0: [sdb] Write Protect is off
[    2.949595] sd 2:0:1:0: [sdb] Incomplete mode parameter data
[    2.951111] sd 2:0:1:0: [sdb] Assuming drive cache: write through
[    2.953831]  sda: sda1
[    2.955591] sd 2:0:0:0: [sda] Attached SCSI disk
[    2.959037] sd 2:0:1:0: [sdb] Attached SCSI disk
[    2.959910] e1000 0000:00:03.0 eth0: (PCI:33MHz:32-bit) 02:85:4f:0b:ef:e7
[    2.962552] e1000 0000:00:03.0 eth0: Intel(R) PRO/1000 Network Connection
[    2.966176] e1000 0000:00:03.0 enp0s3: renamed from eth0
Begin: Loading essential drivers ... [    4.384063] raid6: sse2x1   gen() 11821 MB/s
[    4.432137] raid6: sse2x1   xor()  8354 MB/s
[    4.480206] raid6: sse2x2   gen() 13201 MB/s
[    4.528248] raid6: sse2x2   xor()  9240 MB/s
[    4.576092] raid6: sse2x4   gen() 16427 MB/s
[    4.624083] raid6: sse2x4   xor() 10109 MB/s
[    4.672059] raid6: avx2x1   gen() 12546 MB/s
[    4.720236] raid6: avx2x1   xor() 13785 MB/s
[    4.768299] raid6: avx2x2   gen() 27857 MB/s
[    4.816572] raid6: avx2x2   xor() 17984 MB/s
[    4.864533] raid6: avx2x4   gen() 33158 MB/s
[    4.912204] raid6: avx2x4   xor() 20175 MB/s
[    4.913025] raid6: using algorithm avx2x4 gen() 33158 MB/s
[    4.914820] raid6: .... xor() 20175 MB/s, rmw enabled
[    4.915916] raid6: using avx2x2 recovery algorithm
[    4.918297] xor: automatically using best checksumming function   avx       
[    4.920650] async_tx: api initialized (async)
done.
Begin: Running /scripts/init-premount ... done.
Begin: Mounting root file system ... Begin: Running /scripts/local-top ... done.
Begin: Running /scripts/local-premount ... [    4.959000] Btrfs loaded, crc32c=crc32c-intel
Scanning for Btrfs filesystems
done.
Warning: fsck not present, so skipping root file system
[    4.994459] EXT4-fs (sda1): mounted filesystem with ordered data mode. Opts: (null)
done.
Begin: Running /scripts/local-bottom ... done.
Begin: Running /scripts/init-bottom ... done.
[    5.174822] ip_tables: (C) 2000-2006 Netfilter Core Team
[    5.184776] systemd[1]: systemd 237 running in system mode. (+PAM +AUDIT +SELINUX +IMA +APPARMOR +SMACK +SYSVINIT +UTMP +LIBCRYPTSETUP +GCRYPT +GNUTLS +ACL +XZ +LZ4 +SECCOMP +BLKID +ELFUTILS +KMOD -IDN2 +IDN -PCRE2 default-hierarchy=hybrid)
[    5.188480] systemd[1]: Detected virtualization oracle.
[    5.189475] systemd[1]: Detected architecture x86-64.

Welcome to [1mUbuntu 18.04.4 LTS[0m!

[    5.199948] systemd[1]: Set hostname to <ubuntu>.
[    5.207209] systemd[1]: Initializing machine ID from random generator.
[    5.208419] systemd[1]: Installed transient /etc/machine-id file.
[    5.556574] systemd[1]: Reached target User and Group Name Lookups.
[[0;32m  OK  [0m] Reached target User and Group Name Lookups.
[    5.561173] systemd[1]: Created slice System Slice.
[[0;32m  OK  [0m] Created slice System Slice.
[    5.572527] systemd[1]: Listening on LVM2 poll daemon socket.
[[0;32m  OK  [0m] Listening on LVM2 poll daemon socket.
[    5.575161] systemd[1]: Listening on udev Control Socket.
[[0;32m  OK  [0m] Listening on udev Control Socket.
[[0;32m  OK  [0m] Listening on Syslog Socket.
[[0;32m  OK  [0m] Listening on Journal Socket.
         Mounting Huge Pages File System...
         Starting Set the console keyboard layout...
         Starting Load Kernel Modules...
         Mounting POSIX Message Queue File System...
[[0;32m  OK  [0m] Listening on Journal Audit Socket.
         Starting Create list of required stâ€¦ce nodes for the current kernel...
[[0;32m  OK  [0m] Listening on Network Service Netlink Socket.
         Mounting Kernel Debug File System...
[[0;32m  OK  [0m] Created slice system-serial\x2dgetty.slice.
[[0;32m  OK  [0m] Listening on Device-mapper event daemon FIFOs.
[[0;32m  OK  [0m] Listening on Journal Socket (/dev/log).
         Starting Journal Service...
[[0;32m  OK  [0m] Reached target System Time Synchronized.
         Starting Uncomplicated firewall...
[    5.633151] Loading iSCSI transport class v2.0-870.
         Starting Remount Root and Kernel File Systems...
[[0;32m  OK  [0m] Listening on /dev/initctl Compatibility Named Pipe.
[[0;32m  OK  [0m] Created slice User and Session Slice.
[    5.644500] iscsi: registered transport (tcp)
[[0;32m  OK  [0m] Reached target Slices.
[[0;32m  OK  [0m] Listening on udev Kernel Socket.
         Starting udev Coldplug all Devices...
[[0;32m  OK  [0m] Listening on LVM2 metadata daemon socket.
         Starting Monitoring of LVM2 mirrorsâ€¦ng dmeventd or progress polling...
[[0;32m  OK  [0m] Reached target Swap.
[[0;32m  OK  [0m] Started Forward Password Requests to Wall Directory Watch.
[[0;32m  OK  [0m] Set up automount Arbitrary Executabâ€¦rmats File System Automount Point.
[    5.671754] iscsi: registered transport (iser)
[[0;32m  OK  [0m] Started Journal Service.
[[0;32m  OK  [0m] Mounted Huge Pages File System.
[[0;32m  OK  [0m] Started Load Kernel Modules.
[[0;32m  OK  [0m] Mounted POSIX Message Queue File System.
[[0;32m  OK  [0m] Started Create list of required staâ€¦vice nodes for the current kernel.
[[0;32m  OK  [0m] Mounted Kernel Debug File System.
[[0;32m  OK  [0m] Started Uncomplicated firewall.
         Starting Create Static Device Nodes in /dev...
[    5.754035] EXT4-fs (sda1): re-mounted. Opts: (null)
         Starting Apply Kernel Variables...
         Mounting Kernel Configuration File System...
         Mounting FUSE Control File System...
[[0;32m  OK  [0m] Started Remount Root and Kernel File Systems.
         Starting Flush Journal to Persistent Storage...
         Starting Load/Save Random Seed...
[[0;32m  OK  [0m] Started Create Static Device Nodes in /dev.
[[0;32m  OK  [0m] Mounted Kernel Configuration File System.
[[0;32m  OK  [0m] Mounted FUSE Control File System.
         Starting udev Kernel Device Manager...
[[0;32m  OK  [0m] Started udev Coldplug all Devices.
[[0;32m  OK  [0m] Started LVM2 metadata daemon.
[[0;32m  OK  [0m] Started Load/Save Random Seed.
[[0;32m  OK  [0m] Started Apply Kernel Variables.
[[0;32m  OK  [0m] Started Set the console keyboard layout.
[[0;32m  OK  [0m] Started Flush Journal to Persistent Storage.
[[0;32m  OK  [0m] Started udev Kernel Device Manager.
[[0;32m  OK  [0m] Started Dispatch Password Requests to Console Directory Watch.
[[0;32m  OK  [0m] Reached target Local Encrypted Volumes.
[[0;32m  OK  [0m] Started Monitoring of LVM2 mirrors,â€¦sing dmeventd or progress polling.
[[0;32m  OK  [0m] Reached target Local File Systems (Pre).
[[0;32m  OK  [0m] Reached target Local File Systems.
         Starting Create Volatile Files and Directories...
         Starting Tell Plymouth To Write Out Runtime Data...
         Starting Commit a transient machine-id on disk...
         Starting ebtables ruleset management...
         Starting AppArmor initialization...
         Starting Set console font and keymap...
[[0;32m  OK  [0m] Started Tell Plymouth To Write Out Runtime Data.
[[0;32m  OK  [0m] Started Create Volatile Files and Directories.
[[0;32m  OK  [0m] Started Set console font and keymap.
         Starting Update UTMP about System Boot/Shutdown...
[[0;32m  OK  [0m] Started Commit a transient machine-id on disk.
[[0;32m  OK  [0m] Started Update UTMP about System Boot/Shutdown.
[[0;32m  OK  [0m] Started ebtables ruleset management.
[[0;32m  OK  [0m] Found device /dev/ttyS0.
[[0;32m  OK  [0m] Listening on Load/Save RF Kill Switch Status /dev/rfkill Watch.
[[0;32m  OK  [0m] Started AppArmor initialization.
         Starting Initial cloud-init job (pre-networking)...
[    8.261849] cloud-init[544]: Cloud-init v. 19.4-33-gbb4131a2-0ubuntu1~18.04.1 running 'init-local' at Tue, 07 Apr 2020 07:45:51 +0000. Up 7.89 seconds.
[[0;32m  OK  [0m] Started Initial cloud-init job (pre-networking).
[[0;32m  OK  [0m] Reached target Network (Pre).
         Starting Network Service...
[[0;32m  OK  [0m] Started Network Service.
         Starting Wait for Network to be Configured...
         Starting Network Name Resolution...
[[0;32m  OK  [0m] Started Network Name Resolution.
[[0;32m  OK  [0m] Reached target Host and Network Name Lookups.
[[0;32m  OK  [0m] Reached target Network.
[[0;32m  OK  [0m] Started Wait for Network to be Configured.
         Starting Initial cloud-init job (metadata service crawler)...
[   10.052161] cloud-init[663]: Cloud-init v. 19.4-33-gbb4131a2-0ubuntu1~18.04.1 running 'init' at Tue, 07 Apr 2020 07:45:53 +0000. Up 9.89 seconds.
[   10.054944] cloud-init[663]: ci-info: ++++++++++++++++++++++++++++++++++++++Net device info++++++++++++++++++++++++++++++++++++++
[   10.056850] cloud-init[663]: ci-info: +--------+------+----------------------------+---------------+--------+-------------------+
[   10.072326] cloud-init[663]: ci-info: | Device |  Up  |          Address           |      Mask     | Scope  |     Hw-Address    |
[   10.074732] cloud-init[663]: ci-info: +--------+------+----------------------------+---------------+--------+-------------------+
[   10.077350] cloud-init[663]: ci-info: | enp0s3 | True |         10.0.2.15          | 255.255.255.0 | global | 02:85:4f:0b:ef:e7 |
[   10.080377] cloud-init[663]: ci-info: | enp0s3 | True | fe80::85:4fff:fe0b:efe7/64 |       .       |  link  | 02:85:4f:0b:ef:e7 |
[   10.082728] cloud-init[663]: ci-info: |   lo   | True |         127.0.0.1          |   255.0.0.0   |  host  |         .         |
[   10.085071] cloud-init[663]: ci-info: |   lo   | True |          ::1/128           |       .       |  host  |         .         |
[   10.096326] cloud-init[663]: ci-info: +--------+------+----------------------------+---------------+--------+-------------------+
[   10.098174] cloud-init[663]: ci-info: ++++++++++++++++++++++++++++Route IPv4 info+++++++++++++++++++++++++++++
[   10.099843] cloud-init[663]: ci-info: +-------+-------------+----------+-----------------+-----------+-------+
[   10.112575] cloud-init[663]: ci-info: | Route | Destination | Gateway  |     Genmask     | Interface | Flags |
[   10.114768] cloud-init[663]: ci-info: +-------+-------------+----------+-----------------+-----------+-------+
[   10.116535] cloud-init[663]: ci-info: |   0   |   0.0.0.0   | 10.0.2.2 |     0.0.0.0     |   enp0s3  |   UG  |
[   10.118372] cloud-init[663]: ci-info: |   1   |   10.0.2.0  | 0.0.0.0  |  255.255.255.0  |   enp0s3  |   U   |
[   10.119646] cloud-init[663]: ci-info: |   2   |   10.0.2.2  | 0.0.0.0  | 255.255.255.255 |   enp0s3  |   UH  |
[   10.121289] cloud-init[663]: ci-info: +-------+-------------+----------+-----------------+-----------+-------+
[   10.122616] cloud-init[663]: ci-info: +++++++++++++++++++Route IPv6 info+++++++++++++++++++
[   10.124015] cloud-init[663]: ci-info: +-------+-------------+---------+-----------+-------+
[   10.136469] cloud-init[663]: ci-info: | Route | Destination | Gateway | Interface | Flags |
[   10.137708] cloud-init[663]: ci-info: +-------+-------------+---------+-----------+-------+
[   10.139188] cloud-init[663]: ci-info: |   1   |  fe80::/64  |    ::   |   enp0s3  |   U   |
[   10.140461] cloud-init[663]: ci-info: |   3   |    local    |    ::   |   enp0s3  |   U   |
[   10.141769] cloud-init[663]: ci-info: |   4   |   ff00::/8  |    ::   |   enp0s3  |   U   |
[   10.143171] cloud-init[663]: ci-info: +-------+-------------+---------+-----------+-------+
[   10.705755] cloud-init[663]: Generating public/private rsa key pair.
[   10.707059] cloud-init[663]: Your identification has been saved in /etc/ssh/ssh_host_rsa_key.
[   10.708532] cloud-init[663]: Your public key has been saved in /etc/ssh/ssh_host_rsa_key.pub.
[   10.709754] cloud-init[663]: The key fingerprint is:
[   10.710650] cloud-init[663]: SHA256:kdb73zkwBR5I5iYEQMrDeOYDVw3nju0yRCMmUDJCs0k root@ubuntu-bionic
[   10.712407] cloud-init[663]: The key's randomart image is:
[   10.713444] cloud-init[663]: +---[RSA 2048]----+
[   10.724647] cloud-init[663]: |*E. .=+o...o.    |
[   10.725208] cloud-init[663]: |+oB o o..oo. o   |
[   10.725802] cloud-init[663]: | * @ o .+..o. o  |
[   10.726453] cloud-init[663]: |  O + =. .o. . . |
[   10.727714] cloud-init[663]: |   o o oS .   .  |
[   10.740298] cloud-init[663]: |    o .    . o   |
[   10.741601] cloud-init[663]: |     o .    . o  |
[   10.742252] cloud-init[663]: |      o      . o.|
[   10.742983] cloud-init[663]: |              ..o|
[   10.744173] cloud-init[663]: +----[SHA256]-----+
[   10.745100] cloud-init[663]: Generating public/private dsa key pair.
[   10.746701] cloud-init[663]: Your identification has been saved in /etc/ssh/ssh_host_dsa_key.
[   10.748193] cloud-init[663]: Your public key has been saved in /etc/ssh/ssh_host_dsa_key.pub.
[   10.749814] cloud-init[663]: The key fingerprint is:
[   10.751147] cloud-init[663]: SHA256:sbtam2PphAOf62oXWNULwwyRE4T1PQF3ZXyHOK+CJu0 root@ubuntu-bionic
[   10.752739] cloud-init[663]: The key's randomart image is:
[   10.753465] cloud-init[663]: +---[DSA 1024]----+
[   10.754163] cloud-init[663]: |     +*B.oo .+o. |
[   10.754862] cloud-init[663]: |    . o.*o.oo.o o|
[   10.755622] cloud-init[663]: |       oooo. o ..|
[   10.756476] cloud-init[663]: |      .  o..  .  |
[   10.757030] cloud-init[663]: |    .o .S.   .   |
[   10.757746] cloud-init[663]: |    .ooo+.. .    |
[   10.758502] cloud-init[663]: |      ==+. .     |
[   10.759279] cloud-init[663]: |    . .=E+       |
[   10.759968] cloud-init[663]: |   ..+++=.       |
[   10.761162] cloud-init[663]: +----[SHA256]-----+
[   10.762220] cloud-init[663]: Generating public/private ecdsa key pair.
[   10.763255] cloud-init[663]: Your identification has been saved in /etc/ssh/ssh_host_ecdsa_key.
[   10.765178] cloud-init[663]: Your public key has been saved in /etc/ssh/ssh_host_ecdsa_key.pub.
[   10.766842] cloud-init[663]: The key fingerprint is:
[   10.767699] cloud-init[663]: SHA256:E5AkBK/F03BzRI3NlZfMy73IinmVroDCr+JWisX+rXs root@ubuntu-bionic
[   10.769174] cloud-init[663]: The key's randomart image is:
[   10.780376] cloud-init[663]: +---[ECDSA 256]---+
[   10.780909] cloud-init[663]: |  .o+.=++= ..+ . |
[   10.781536] cloud-init[663]: |   o =.+. + . =  |
[   10.782398] cloud-init[663]: |    = . .    o o |
[   10.783094] cloud-init[663]: |   o .   .    o .|
[   10.783764] cloud-init[663]: |  o     S   . o .|
[   10.784814] cloud-init[663]: |   o..  ..   = . |
[   10.785639] cloud-init[663]: |  + oo . .o +    |
[   10.786338] cloud-init[663]: | . =  +E o.o .   |
[   10.787018] cloud-init[663]: |  o.o==o  ...    |
[   10.787712] cloud-init[663]: +----[SHA256]-----+
[   10.788803] cloud-init[663]: Generating public/private ed25519 key pair.
[   10.790155] cloud-init[663]: Your identification has been saved in /etc/ssh/ssh_host_ed25519_key.
[   10.800392] cloud-init[663]: Your public key has been saved in /etc/ssh/ssh_host_ed25519_key.pub.
[   10.801680] cloud-init[663]: The key fingerprint is:
[   10.802410] cloud-init[663]: SHA256:+G0oY/oUzhj7mdruxUxdCDhN3ASjqC/caVPphNFYqX4 root@ubuntu-bionic
[   10.803728] cloud-init[663]: The key's randomart image is:
[   10.804628] cloud-init[663]: +--[ED25519 256]--+
[   10.805325] cloud-init[663]: |      .*=+.      |
[   10.806031] cloud-init[663]: |     =+.oo..     |
[   10.807244] cloud-init[663]: |    +.o.  . .    |
[   10.808042] cloud-init[663]: |   ..o o . .     |
[   10.808762] cloud-init[663]: |  ..o * S .      |
[[   10.820994] cloud-init[663]: | . o.@E* o       |
[   10.821330] cloud-init[663]: |  o O.O * o      |
[   10.822404] cloud-init[663]: |   o B * .       |
[   10.823766] cloud-init[663]: |    o=O          |
[   10.823895] cloud-init[663]: +----[SHA256]-----+
[0;32m  OK  [0m] Started Initial cloud-init job (metadata service crawler).
[[0;32m  OK  [0m] Reached target Cloud-config availability.
[[0;32m  OK  [0m] Reached target System Initialization.
[[0;32m  OK  [0m] Started Daily Cleanup of Temporary Directories.
         Starting LXD - unix socket.
[[0;32m  OK  [0m] Listening on Open-iSCSI iscsid Socket.
[[0;32m  OK  [0m] Started ACPI Events Check.
[[0;32m  OK  [0m] Started Message of the Day.
[[0;32m  OK  [0m] Listening on UUID daemon activation socket.
[[0;32m  OK  [0m] Listening on D-Bus System Message Bus Socket.
[[0;32m  OK  [0m] Listening on ACPID Listen Socket.
[[0;32m  OK  [0m] Started Discard unused blocks once a week.
[[0;32m  OK  [0m] Started Daily apt download activities.
[[0;32m  OK  [0m] Reached target Paths.
[[0;32m  OK  [0m] Started Daily apt upgrade and clean activities.
[[0;32m  OK  [0m] Reached target Timers.
         Starting Socket activation for snappy daemon.
[[0;32m  OK  [0m] Reached target Network is Online.
[[0;32m  OK  [0m] Reached target Remote File Systems (Pre).
[[0;32m  OK  [0m] Reached target Remote File Systems.
         Starting Availability of block devices...
[[0;32m  OK  [0m] Listening on LXD - unix socket.
[[0;32m  OK  [0m] Listening on Socket activation for snappy daemon.
[[0;32m  OK  [0m] Started Availability of block devices.
[[0;32m  OK  [0m] Reached target Sockets.
[[0;32m  OK  [0m] Reached target Basic System.
         Starting Pollinate to seed the pseudo random number generator...
         Starting LSB: automatic crash report generation...
         Starting Virtualbox guest utils...
[[0;32m  OK  [0m] Started FUSE filesystem for LXC.
         Starting LXD - container startup/shutdown...
         Starting System Logging Service...
         Starting Permit User Sessions...
[[0;32m  OK  [0m] Started irqbalance daemon.
[[0;32m  OK  [0m] Started Regular background program processing daemon.
         Starting LSB: Record successful boot for GRUB...
[[0;32m  OK  [0m] Started D-Bus System Message Bus.
         Starting Login Service...
         Starting Dispatcher daemon for systemd-networkd...
         Starting Accounts Service...
         Starting Snappy daemon...
[[0;32m  OK  [0m] Started Deferred execution scheduler.
[[0;32m  OK  [0m] Started System Logging Service.
[[0;32m  OK  [0m] Started LXD - container startup/shutdown.
[[0;32m  OK  [0m] Started Permit User Sessions.
         Starting Hold until boot process finishes up...
         Starting Terminate Plymouth Boot Screen...
[[0;32m  OK  [0m] Started Hold until boot process finishes up.
[[0;32m  OK  [0m] Started Serial Getty on ttyS0.
         Starting Set console scheme...
[[0;32m  OK  [0m] Started Terminate Plymouth Boot Screen.
[[0;32m  OK  [0m] Started Login Service.
[[0;32m  OK  [0m] Started Unattended Upgrades Shutdown.
[[0;32m  OK  [0m] Started Set console scheme.
[[0;32m  OK  [0m] Created slice system-getty.slice.
[[0;32m  OK  [0m] Started Getty on tty1.
[[0;32m  OK  [0m] Reached target Login Prompts.
         Starting Authorization Manager...
[[0;32m  OK  [0m] Started LSB: automatic crash report generation.
[[0;32m  OK  [0m] Started Virtualbox guest utils.
[[0;32m  OK  [0m] Started LSB: Record successful boot for GRUB.
[[0;32m  OK  [0m] Started Authorization Manager.
[[0;32m  OK  [0m] Started Accounts Service.
[[0;32m  OK  [0m] Started Dispatcher daemon for systemd-networkd.
[[0;32m  OK  [0m] Started Snappy daemon.
         Starting Wait until snapd is fully seeded...
[[0;32m  OK  [0m] Started Pollinate to seed the pseudo random number generator.
         Starting OpenBSD Secure Shell server...
[[0;32m  OK  [0m] Started OpenBSD Secure Shell server.
[[0;32m  OK  [0m] Created slice User Slice of vagrant.
         Starting User Manager for UID 1000...
[[0;32m  OK  [0m] Started Session 1 of user vagrant.
[[0;32m  OK  [0m] Started User Manager for UID 1000.
[[0;32m  OK  [0m] Started Wait until snapd is fully seeded.
         Starting Apply the settings specified in cloud-config...
[[0;32m  OK  [0m] Reached target Multi-User System.
[[0;32m  OK  [0m] Reached target Graphical Interface.
         Starting Update UTMP about System Runlevel Changes...
[[0;32m  OK  [0m] Started Update UTMP about System Runlevel Changes.
[   16.192810] cloud-init[1268]: Cloud-init v. 19.4-33-gbb4131a2-0ubuntu1~18.04.1 running 'modules:config' at Tue, 07 Apr 2020 07:45:59 +0000. Up 15.35 seconds.
[[0;32m  OK  [0m] Started Apply the settings specified in cloud-config.
         Starting Execute cloud user/final scripts...
ci-info: no authorized SSH keys fingerprints found for user ubuntu.
<14>Apr  7 07:46:00 ec2: 
<14>Apr  7 07:46:00 ec2: #############################################################
<14>Apr  7 07:46:00 ec2: -----BEGIN SSH HOST KEY FINGERPRINTS-----
<14>Apr  7 07:46:00 ec2: 1024 SHA256:sbtam2PphAOf62oXWNULwwyRE4T1PQF3ZXyHOK+CJu0 root@ubuntu-bionic (DSA)
<14>Apr  7 07:46:00 ec2: 256 SHA256:E5AkBK/F03BzRI3NlZfMy73IinmVroDCr+JWisX+rXs root@ubuntu-bionic (ECDSA)
<14>Apr  7 07:46:00 ec2: 256 SHA256:+G0oY/oUzhj7mdruxUxdCDhN3ASjqC/caVPphNFYqX4 root@ubuntu-bionic (ED25519)
<14>Apr  7 07:46:00 ec2: 2048 SHA256:kdb73zkwBR5I5iYEQMrDeOYDVw3nju0yRCMmUDJCs0k root@ubuntu-bionic (RSA)
<14>Apr  7 07:46:00 ec2: -----END SSH HOST KEY FINGERPRINTS-----
<14>Apr  7 07:46:00 ec2: #############################################################
-----BEGIN SSH HOST KEY KEYS-----
ecdsa-sha2-nistp256 AAAAE2VjZHNhLXNoYTItbmlzdHAyNTYAAAAIbmlzdHAyNTYAAABBBGM59WSWX7L4E8DlrXV8QCpovqNRjHLfkvZDK7mi/3yPo2N9LeyTX6pBRG9skPCdrT8Sd3XYV5IsG0e+nBHs4rg= root@ubuntu-bionic
ssh-ed25519 AAAAC3NzaC1lZDI1NTE5AAAAIAakJ+E2AKmhxIx9ECX9vse3K8UiLNWerZRd2aIpkeA9 root@ubuntu-bionic
ssh-rsa AAAAB3NzaC1yc2EAAAADAQABAAABAQDMt7syJOPSsmshyxIKFItmMj1P+ygB3Y8rOH8Jl0lZ6qrvHGbF4HodmMrXmiXUNSFGnm9qYtQ4C7VH0T61X4FyJ+0RW2nK3X3yyNys13+k0WPnutfjCCGPqjknT6SI3Bo60zUpHt5zLIVBB8FAexUlbLNXTn0zKpOWatqod11KI8YbQEDhe+MWxlvr+5NLasVxOCcMAdA55bRiWbtHbSTA+zXqguLXlzhHeyOUiAD4IN+g11/RSilSgJ9wxF49FTPIu71YuG+oazEh05V6zdGjkyRfnr/txsmTHhQfW2g9KfyeNTshW1w3aFrbvWayQBch7NP2zRzhAIA4bu1TSoTb root@ubuntu-bionic
-----END SSH HOST KEY KEYS-----
[   16.917241] cloud-init[1322]: Cloud-init v. 19.4-33-gbb4131a2-0ubuntu1~18.04.1 running 'modules:final' at Tue, 07 Apr 2020 07:46:00 +0000. Up 16.76 seconds.
[   16.917363] cloud-init[1322]: ci-info: no authorized SSH keys fingerprints found for user ubuntu.
[   16.917583] cloud-init[1322]: Cloud-init v. 19.4-33-gbb4131a2-0ubuntu1~18.04.1 finished at Tue, 07 Apr 2020 07:46:00 +0000. Datasource DataSourceNoCloud [seed=/dev/sdb][dsmode=net].  Up 16.90 seconds

Ubuntu 18.04.4 LTS ubuntu-bionic ttyS0

ubuntu-bionic login: 